test_aifactory_registration_label_without_period_suffix (test_v6.LiveFailures.test_aifactory_registration_label_without_period_suffix) ... FAIL
test_bad_old_metadata_removed_without_deleting_item (test_v6.LiveFailures.test_bad_old_metadata_removed_without_deleting_item) ... FAIL
test_dacon_date_tab_text_without_container (test_v6.LiveFailures.test_dacon_date_tab_text_without_container) ... ok
test_dacon_schedule_discovery_outside_content (test_v6.LiveFailures.test_dacon_schedule_discovery_outside_content) ... FAIL
test_dacon_schedule_known_path_when_shell_has_no_link (test_v6.LiveFailures.test_dacon_schedule_known_path_when_shell_has_no_link) ... FAIL
test_event_prose_not_competing_date_range (test_v6.LiveFailures.test_event_prose_not_competing_date_range) ... FAIL
test_existing_duplicate_records_preserved_but_public_once (test_v6.LiveFailures.test_existing_duplicate_records_preserved_but_public_once) ... FAIL
test_genuine_ai_program_is_kept (test_v6.LiveFailures.test_genuine_ai_program_is_kept) ... ok
test_layout_does_not_change_article_identity (test_v6.LiveFailures.test_layout_does_not_change_article_identity) ... FAIL
test_metadata_labels_outside_first_article (test_v6.LiveFailures.test_metadata_labels_outside_first_article) ... FAIL
test_not_recursing_schedule_itself (test_v6.LiveFailures.test_not_recursing_schedule_itself) ... ok
test_other_sites_layout_query_is_not_blindly_removed (test_v6.LiveFailures.test_other_sites_layout_query_is_not_blindly_removed) ... ok
test_prose_organizer_and_benefits_do_not_pollute_fields (test_v6.LiveFailures.test_prose_organizer_and_benefits_do_not_pollute_fields) ... FAIL
test_results_not_new_opportunities (test_v6.LiveFailures.test_results_not_new_opportunities) ... 
  test_results_not_new_opportunities (test_v6.LiveFailures.test_results_not_new_opportunities) (title='2026 AI-POT 자격증 취득 지원 프로그램(4차) 참여자 선발 결과 안내') ... FAIL
  test_results_not_new_opportunities (test_v6.LiveFailures.test_results_not_new_opportunities) (title='2026 AI-POT 자격증 취득 지원 프로그램(3차) 시험 결과 제출 및 장학금 신청 안내(8/27~9/3)') ... FAIL
test_title_only_end_date_uses_explicit_year (test_v6.LiveFailures.test_title_only_end_date_uses_explicit_year) ... FAIL
test_title_registration_window_survives_missing_body (test_v6.LiveFailures.test_title_registration_window_survives_missing_body) ... FAIL
test_yearless_title_does_not_use_machine_year (test_v6.LiveFailures.test_yearless_title_does_not_use_machine_year) ... ok

======================================================================
FAIL: test_aifactory_registration_label_without_period_suffix (test_v6.LiveFailures.test_aifactory_registration_label_without_period_suffix)
----------------------------------------------------------------------
Traceback (most recent call last):
  File "/mnt/data/v6-work/inha-contest-alert/tests/test_v6.py", line 57, in test_aifactory_registration_label_without_period_suffix
    self.assertEqual(out.get('registration_start'),'2026-07-31');self.assertEqual(out.get('deadline'),'2026-10-06');self.assertEqual(out.get('deadline_time'),'14:00')
    ~~~~~~~~~~~~~~~~^^^^^^^^^^^^^^^^^^^^^^^^^^^^^^^^^^^^^^^^^^^^
AssertionError: None != '2026-07-31'

======================================================================
FAIL: test_bad_old_metadata_removed_without_deleting_item (test_v6.LiveFailures.test_bad_old_metadata_removed_without_deleting_item)
----------------------------------------------------------------------
Traceback (most recent call last):
  File "/mnt/data/v6-work/inha-contest-alert/tests/test_v6.py", line 72, in test_bad_old_metadata_removed_without_deleting_item
    self.assertFalse(s['items'][x['id']].get('organizer'));self.assertFalse(s['items'][x['id']].get('benefits'))
    ~~~~~~~~~~~~~~~~^^^^^^^^^^^^^^^^^^^^^^^^^^^^^^^^^^^^^^
AssertionError: '측 또는 제3자에게 발생한 손해에 대해 참가자가 책임을 부담합니다.' is not false

======================================================================
FAIL: test_dacon_schedule_discovery_outside_content (test_v6.LiveFailures.test_dacon_schedule_discovery_outside_content)
----------------------------------------------------------------------
Traceback (most recent call last):
  File "/mnt/data/v6-work/inha-contest-alert/tests/test_v6.py", line 49, in test_dacon_schedule_discovery_outside_content
    self.assertIn(DC+'schedule',schedule_links(h,DC))
    ~~~~~~~~~~~~~^^^^^^^^^^^^^^^^^^^^^^^^^^^^^^^^^^^^
AssertionError: 'https://dacon.io/competitions/official/236754/overview/schedule' not found in []

======================================================================
FAIL: test_dacon_schedule_known_path_when_shell_has_no_link (test_v6.LiveFailures.test_dacon_schedule_known_path_when_shell_has_no_link)
----------------------------------------------------------------------
Traceback (most recent call last):
  File "/mnt/data/v6-work/inha-contest-alert/tests/test_v6.py", line 51, in test_dacon_schedule_known_path_when_shell_has_no_link
    self.assertIn(DC+'schedule',schedule_links('<body><h1>AI 대회</h1></body>',DC))
    ~~~~~~~~~~~~~^^^^^^^^^^^^^^^^^^^^^^^^^^^^^^^^^^^^^^^^^^^^^^^^^^^^^^^^^^^^^^^^^^
AssertionError: 'https://dacon.io/competitions/official/236754/overview/schedule' not found in []

======================================================================
FAIL: test_event_prose_not_competing_date_range (test_v6.LiveFailures.test_event_prose_not_competing_date_range)
----------------------------------------------------------------------
Traceback (most recent call last):
  File "/mnt/data/v6-work/inha-contest-alert/tests/test_v6.py", line 64, in test_event_prose_not_competing_date_range
    out=detail_fields(h,AF,'aifactory');self.assertEqual(out.get('event_end'),'2026-10-06')
                                        ~~~~~~~~~~~~~~~~^^^^^^^^^^^^^^^^^^^^^^^^^^^^^^^^^^^
AssertionError: None != '2026-10-06'

======================================================================
FAIL: test_existing_duplicate_records_preserved_but_public_once (test_v6.LiveFailures.test_existing_duplicate_records_preserved_but_public_once)
----------------------------------------------------------------------
Traceback (most recent call last):
  File "/mnt/data/v6-work/inha-contest-alert/tests/test_v6.py", line 29, in test_existing_duplicate_records_preserved_but_public_once
    self.assertEqual(len(s['items']),2);self.assertEqual(len(visible_state(s)['items']),1)
                                        ~~~~~~~~~~~~~~~~^^^^^^^^^^^^^^^^^^^^^^^^^^^^^^^^^^
AssertionError: 2 != 1

======================================================================
FAIL: test_layout_does_not_change_article_identity (test_v6.LiveFailures.test_layout_does_not_change_article_identity)
----------------------------------------------------------------------
Traceback (most recent call last):
  File "/mnt/data/v6-work/inha-contest-alert/tests/test_v6.py", line 23, in test_layout_does_not_change_article_identity
    self.assertEqual(canonical(BASE+'?layout=unknown'),canonical(BASE))
    ~~~~~~~~~~~~~~~~^^^^^^^^^^^^^^^^^^^^^^^^^^^^^^^^^^^^^^^^^^^^^^^^^^^
AssertionError: 'https://swuniv.inha.ac.kr/bbs/swuniv/3113/188992/artclView.do?layout=unknown' != 'https://swuniv.inha.ac.kr/bbs/swuniv/3113/188992/artclView.do'
- https://swuniv.inha.ac.kr/bbs/swuniv/3113/188992/artclView.do?layout=unknown
?                                                              ---------------
+ https://swuniv.inha.ac.kr/bbs/swuniv/3113/188992/artclView.do


======================================================================
FAIL: test_metadata_labels_outside_first_article (test_v6.LiveFailures.test_metadata_labels_outside_first_article)
----------------------------------------------------------------------
Traceback (most recent call last):
  File "/mnt/data/v6-work/inha-contest-alert/tests/test_v6.py", line 68, in test_metadata_labels_outside_first_article
    self.assertEqual(out.get('deadline'),'2026-10-31')
    ~~~~~~~~~~~~~~~~^^^^^^^^^^^^^^^^^^^^^^^^^^^^^^^^^^
AssertionError: None != '2026-10-31'

======================================================================
FAIL: test_prose_organizer_and_benefits_do_not_pollute_fields (test_v6.LiveFailures.test_prose_organizer_and_benefits_do_not_pollute_fields)
----------------------------------------------------------------------
Traceback (most recent call last):
  File "/mnt/data/v6-work/inha-contest-alert/tests/test_v6.py", line 61, in test_prose_organizer_and_benefits_do_not_pollute_fields
    self.assertEqual(out.get('organizer'),'국립공원공단 / 인공지능팩토리');self.assertNotIn('지급과 함께',out.get('benefits',''));self.assertNotIn('Public',out.get('eligibility',''))
    ~~~~~~~~~~~~~~~~^^^^^^^^^^^^^^^^^^^^^^^^^^^^^^^^^^^^^^^^^^^^^^^^^^^^^^
AssertionError: '측 또는 제3자에게 발생한 손해에 대해 참가자가 책임을 부담합니다. 수상작은 / 국립공원공단 / 인공지능팩토리' != '국립공원공단 / 인공지능팩토리'
- 측 또는 제3자에게 발생한 손해에 대해 참가자가 책임을 부담합니다. 수상작은 / 국립공원공단 / 인공지능팩토리
+ 국립공원공단 / 인공지능팩토리


======================================================================
FAIL: test_results_not_new_opportunities (test_v6.LiveFailures.test_results_not_new_opportunities) (title='2026 AI-POT 자격증 취득 지원 프로그램(4차) 참여자 선발 결과 안내')
----------------------------------------------------------------------
Traceback (most recent call last):
  File "/mnt/data/v6-work/inha-contest-alert/tests/test_v6.py", line 33, in test_results_not_new_opportunities
    with self.subTest(title=title):self.assertEqual(classify(item(title))['relevance_status'],'excluded')
                                   ~~~~~~~~~~~~~~~~^^^^^^^^^^^^^^^^^^^^^^^^^^^^^^^^^^^^^^^^^^^^^^^^^^^^^^
AssertionError: 'included' != 'excluded'
- included
? ^^
+ excluded
? ^^


======================================================================
FAIL: test_results_not_new_opportunities (test_v6.LiveFailures.test_results_not_new_opportunities) (title='2026 AI-POT 자격증 취득 지원 프로그램(3차) 시험 결과 제출 및 장학금 신청 안내(8/27~9/3)')
----------------------------------------------------------------------
Traceback (most recent call last):
  File "/mnt/data/v6-work/inha-contest-alert/tests/test_v6.py", line 33, in test_results_not_new_opportunities
    with self.subTest(title=title):self.assertEqual(classify(item(title))['relevance_status'],'excluded')
                                   ~~~~~~~~~~~~~~~~^^^^^^^^^^^^^^^^^^^^^^^^^^^^^^^^^^^^^^^^^^^^^^^^^^^^^^
AssertionError: 'included' != 'excluded'
- included
? ^^
+ excluded
? ^^


======================================================================
FAIL: test_title_only_end_date_uses_explicit_year (test_v6.LiveFailures.test_title_only_end_date_uses_explicit_year)
----------------------------------------------------------------------
Traceback (most recent call last):
  File "/mnt/data/v6-work/inha-contest-alert/tests/test_v6.py", line 43, in test_title_only_end_date_uses_explicit_year
    self.assertEqual(out.get('deadline'),'2026-08-16');self.assertFalse(out.get('registration_start'))
    ~~~~~~~~~~~~~~~~^^^^^^^^^^^^^^^^^^^^^^^^^^^^^^^^^^
AssertionError: None != '2026-08-16'

======================================================================
FAIL: test_title_registration_window_survives_missing_body (test_v6.LiveFailures.test_title_registration_window_survives_missing_body)
----------------------------------------------------------------------
Traceback (most recent call last):
  File "/mnt/data/v6-work/inha-contest-alert/tests/test_v6.py", line 39, in test_title_registration_window_survives_missing_body
    self.assertEqual(out.get('deadline'),'2026-09-16');self.assertEqual(out.get('registration_start'),'2026-09-10')
    ~~~~~~~~~~~~~~~~^^^^^^^^^^^^^^^^^^^^^^^^^^^^^^^^^^
AssertionError: None != '2026-09-16'

----------------------------------------------------------------------
Ran 17 tests in 0.033s

FAILED (failures=13)
