======================================================================
FAIL: test_budget_deferral_is_reported (test_v6.PipelineRegressions.test_budget_deferral_is_reported)
----------------------------------------------------------------------
Traceback (most recent call last):
  File "/mnt/data/v6-work/inha-contest-alert/tests/test_v6.py", line 108, in test_budget_deferral_is_reported
    self.assertEqual(s['sources']['sw'].get('detail_deferred'),1)
    ~~~~~~~~~~~~~~~~^^^^^^^^^^^^^^^^^^^^^^^^^^^^^^^^^^^^^^^^^^^^^
AssertionError: None != 1

======================================================================
FAIL: test_kind_of_competition_and_program (test_v6.PipelineRegressions.test_kind_of_competition_and_program)
----------------------------------------------------------------------
Traceback (most recent call last):
  File "/mnt/data/v6-work/inha-contest-alert/tests/test_v6.py", line 110, in test_kind_of_competition_and_program
    self.assertEqual(classify(item('AI 영상 공모전')).get('opportunity_kind'),'contest')
    ~~~~~~~~~~~~~~~~^^^^^^^^^^^^^^^^^^^^^^^^^^^^^^^^^^^^^^^^^^^^^^^^^^^^^^^^^^^^^^^^^^^^
AssertionError: None != 'contest'

======================================================================
FAIL: test_total_prize_does_not_include_platform_counters (test_v6.PipelineRegressions.test_total_prize_does_not_include_platform_counters)
----------------------------------------------------------------------
Traceback (most recent call last):
  File "/mnt/data/v6-work/inha-contest-alert/tests/test_v6.py", line 119, in test_total_prize_does_not_include_platform_counters
    self.assertEqual(out.get('benefits'),'총상금 600만원')
    ~~~~~~~~~~~~~~~~^^^^^^^^^^^^^^^^^^^^^^^^^^^^^^^^^^^^^^
AssertionError: '총상금 600만원 참가자수 186 조회수 9850 소개 긴 대회 소개' != '총상금 600만원'
- 총상금 600만원 참가자수 186 조회수 9850 소개 긴 대회 소개
+ 총상금 600만원


----------------------------------------------------------------------
Ran 23 tests in 0.046s

FAILED (failures=3)
