======================================================================
FAIL: test_field_absence_is_not_promised_information (test_v2.ReviewRegressionTests.test_field_absence_is_not_promised_information)
----------------------------------------------------------------------
Traceback (most recent call last):
  File "/mnt/data/v6-work/inha-contest-alert/tests/test_v2.py", line 178, in test_field_absence_is_not_promised_information
    self.assertEqual(f,{})
    ~~~~~~~~~~~~~~~~^^^^^^
AssertionError: {'detail_parser_version': 6} != {}
- {'detail_parser_version': 6}
+ {}

======================================================================
FAIL: test_different_contest_schedule_link_never_followed (test_v4.FinalReviewV4Tests.test_different_contest_schedule_link_never_followed)
----------------------------------------------------------------------
Traceback (most recent call last):
  File "/mnt/data/v6-work/inha-contest-alert/tests/test_v4.py", line 149, in test_different_contest_schedule_link_never_followed
    self.assertEqual(details.schedule_links(h,'https://dacon.io/competitions/official/100/overview/'),[])
    ~~~~~~~~~~~~~~~~^^^^^^^^^^^^^^^^^^^^^^^^^^^^^^^^^^^^^^^^^^^^^^^^^^^^^^^^^^^^^^^^^^^^^^^^^^^^^^^^^^^^^
AssertionError: Lists differ: ['https://dacon.io/competitions/official/100/overview/schedule'] != []

First list contains 1 additional elements.
First extra element 0:
'https://dacon.io/competitions/official/100/overview/schedule'

- ['https://dacon.io/competitions/official/100/overview/schedule']
+ []

----------------------------------------------------------------------
Ran 182 tests in 0.302s

FAILED (failures=2)
