test_discover_only_same_site_boards (test_collect.CollectTests.test_discover_only_same_site_boards) ... ok
test_partial_failure_is_reported_and_valid_items_preserved (test_collect.CollectTests.test_partial_failure_is_reported_and_valid_items_preserved) ... ok
test_robots_allow_is_parsed (test_collect.CollectTests.test_robots_allow_is_parsed) ... ok
test_robots_disallow_is_not_ignored (test_collect.CollectTests.test_robots_disallow_is_not_ignored) ... ok
test_ai_not_matched_inside_unrelated_english_word (test_core.CoreTests.test_ai_not_matched_inside_unrelated_english_word) ... ok
test_ambiguous_registration_dates_stay_unknown (test_core.CoreTests.test_ambiguous_registration_dates_stay_unknown) ... ok
test_canonical_removes_tracking_but_keeps_article_id (test_core.CoreTests.test_canonical_removes_tracking_but_keeps_article_id) ... ok
test_deadline_date_is_inclusive (test_core.CoreTests.test_deadline_date_is_inclusive) ... ok
test_invalid_scheme_is_rejected (test_core.CoreTests.test_invalid_scheme_is_rejected) ... ok
test_k2web_parsing_and_filter (test_core.CoreTests.test_k2web_parsing_and_filter) ... ok
test_mangboard_vid (test_core.CoreTests.test_mangboard_vid) ... ok
test_merge_baseline_and_duplicate (test_core.CoreTests.test_merge_baseline_and_duplicate) ... ok
test_merge_preserves_old_items_when_fetch_fails (test_core.CoreTests.test_merge_preserves_old_items_when_fetch_fails) ... ok
test_negative_list_has_no_records (test_core.CoreTests.test_negative_list_has_no_records) ... ok
test_old_signup_label_is_not_trusted_forever (test_core.CoreTests.test_old_signup_label_is_not_trusted_forever) ... ok
test_only_explicit_registration_date (test_core.CoreTests.test_only_explicit_registration_date) ... ok
test_platform_status_and_no_fake_deadline (test_core.CoreTests.test_platform_status_and_no_fake_deadline) ... ok
test_source_first_recovery_is_baseline_not_new (test_core.CoreTests.test_source_first_recovery_is_baseline_not_new) ... ok
test_unknown_date_does_not_mean_open (test_core.CoreTests.test_unknown_date_does_not_mean_open) ... ok
test_platform_counter_changes_do_not_change_title (test_core.PlatformNoiseTests.test_platform_counter_changes_do_not_change_title) ... ok
test_collect_records_empty_successful_source_then_new_next_day (test_daily.DailyCollectionIntegrationTests.test_collect_records_empty_successful_source_then_new_next_day) ... ok
test_digest_reservation_does_not_reset_daily_counts (test_daily.DailyCollectionIntegrationTests.test_digest_reservation_does_not_reset_daily_counts) ... ok
test_full_failure_keeps_previous_items_and_records_bad_snapshot (test_daily.DailyCollectionIntegrationTests.test_full_failure_keeps_previous_items_and_records_bad_snapshot) ... ok
test_all_sources_failed_is_not_zero_new (test_daily.DailyTests.test_all_sources_failed_is_not_zero_new) ... ok
test_closed_new_item_still_in_comparison_count (test_daily.DailyTests.test_closed_new_item_still_in_comparison_count) ... ok
test_failed_yesterday_source_is_separate_unverified_additions (test_daily.DailyTests.test_failed_yesterday_source_is_separate_unverified_additions) ... ok
test_first_collect_with_old_initial_records_never_calls_them_new (test_daily.DailyTests.test_first_collect_with_old_initial_records_never_calls_them_new) ... ok
test_first_snapshot_is_baseline_not_all_items_new (test_daily.DailyTests.test_first_snapshot_is_baseline_not_all_items_new) ... ok
test_history_is_bounded_and_does_not_copy_secrets (test_daily.DailyTests.test_history_is_bounded_and_does_not_copy_secrets) ... ok
test_korean_calendar_boundary_with_utc_clock (test_daily.DailyTests.test_korean_calendar_boundary_with_utc_clock) ... ok
test_missing_yesterday_names_older_date_not_yesterday (test_daily.DailyTests.test_missing_yesterday_names_older_date_not_yesterday) ... ok
test_new_source_initial_import_excluded (test_daily.DailyTests.test_new_source_initial_import_excluded) ... ok
test_partial_source_includes_actual_found_ids_with_warning (test_daily.DailyTests.test_partial_source_includes_actual_found_ids_with_warning) ... ok
test_public_summary_and_notification_use_identical_daily_count (test_daily.DailyTests.test_public_summary_and_notification_use_identical_daily_count) ... ok
test_repeated_changes_count_once_and_new_not_also_updated (test_daily.DailyTests.test_repeated_changes_count_once_and_new_not_also_updated) ... ok
test_same_day_refresh_does_not_reset_the_yesterday_baseline (test_daily.DailyTests.test_same_day_refresh_does_not_reset_the_yesterday_baseline) ... ok
test_stale_state_is_not_todays_zero (test_daily.DailyTests.test_stale_state_is_not_todays_zero) ... ok
test_upgrade_does_not_replace_existing_items_or_claims (test_daily.DailyTests.test_upgrade_does_not_replace_existing_items_or_claims) ... ok
test_yesterday_difference_counts_new_ids_not_total_difference (test_daily.DailyTests.test_yesterday_difference_counts_new_ids_not_total_difference) ... ok
test_yesterday_last_snapshot_is_the_reference (test_daily.DailyTests.test_yesterday_last_snapshot_is_the_reference) ... ok
test_zero_new_is_real_comparison_not_baseline (test_daily.DailyTests.test_zero_new_is_real_comparison_not_baseline) ... ok
test_dark_panel_foregrounds_reach_4_5 (test_design.ContrastTests.test_dark_panel_foregrounds_reach_4_5) ... ok
test_enabled_form_control_boundary_reaches_3 (test_design.ContrastTests.test_enabled_form_control_boundary_reaches_3) ... ok
test_primary_and_muted_text_reach_4_5 (test_design.ContrastTests.test_primary_and_muted_text_reach_4_5) ... ok
test_daily_comparison_and_clear_filters_have_real_elements (test_design.DesignTests.test_daily_comparison_and_clear_filters_have_real_elements) ... ok
test_loading_and_no_javascript_states_exist (test_design.DesignTests.test_loading_and_no_javascript_states_exist) ... ok
test_raw_hex_only_in_token_definitions (test_design.DesignTests.test_raw_hex_only_in_token_definitions) ... ok
test_reduced_motion_and_focus_visible_preserved (test_design.DesignTests.test_reduced_motion_and_focus_visible_preserved) ... ok
test_reference_font_scale_and_monochrome_tokens (test_design.DesignTests.test_reference_font_scale_and_monochrome_tokens) ... ok
test_skip_link_and_landmarks (test_design.DesignTests.test_skip_link_and_landmarks) ... ok
test_empty_day_still_builds_a_message (test_notify.NotifyTests.test_empty_day_still_builds_a_message) ... ok
test_failure_is_not_reported_as_no_new_posts (test_notify.NotifyTests.test_failure_is_not_reported_as_no_new_posts) ... ok
test_korean_payload_fits_limit (test_notify.NotifyTests.test_korean_payload_fits_limit) ... ok
test_late_publish_is_immediate_with_note (test_notify.NotifyTests.test_late_publish_is_immediate_with_note) ... ok
test_noon_is_korean_time_not_utc (test_notify.NotifyTests.test_noon_is_korean_time_not_utc) ... ok
test_old_manual_refresh_events_are_not_lost (test_notify.NotifyTests.test_old_manual_refresh_events_are_not_lost) ... ok
test_scheduled_publish_uses_unix_noon (test_notify.NotifyTests.test_scheduled_publish_uses_unix_noon) ... ok
test_second_attempt_same_date_is_suppressed (test_notify.NotifyTests.test_second_attempt_same_date_is_suppressed) ... ok
test_secret_not_in_exception (test_notify.NotifyTests.test_secret_not_in_exception) ... ok
test_short_topic_rejected (test_notify.NotifyTests.test_short_topic_rejected) ... ok
test_csv_formula_injection_neutralized (test_render.RenderTests.test_csv_formula_injection_neutralized) ... ok
test_public_payload_has_no_claims (test_render.RenderTests.test_public_payload_has_no_claims) ... ok
test_readme_html_is_escaped (test_render.RenderTests.test_readme_html_is_escaped) ... ok
test_script_breakout_escaped (test_render.RenderTests.test_script_breakout_escaped) ... ok
test_unknown_deadline_remains_unknown (test_render.RenderTests.test_unknown_deadline_remains_unknown) ... ok
test_ai_attached_to_korean_and_statistics_are_relevant (test_v2.CampusPickTests.test_ai_attached_to_korean_and_statistics_are_relevant) ... ok
test_count_badge_is_not_title_or_date (test_v2.CampusPickTests.test_count_badge_is_not_title_or_date) ... ok
test_recognizes_only_contests_and_filters_ai_not_chair (test_v2.CampusPickTests.test_recognizes_only_contests_and_filters_ai_not_chair) ... ok
test_subject_without_contest_word_supported_on_contest_platform (test_v2.CampusPickTests.test_subject_without_contest_word_supported_on_contest_platform) ... ok
test_campuspick_container_details_are_collected (test_v2.DetailIntegrationTests.test_campuspick_container_details_are_collected) ... ok
test_confirmed_date_clears_if_new_period_is_ambiguous (test_v2.DetailIntegrationTests.test_confirmed_date_clears_if_new_period_is_ambiguous) ... ok
test_detail_budgets_do_not_starve_later_sources (test_v2.DetailIntegrationTests.test_detail_budgets_do_not_starve_later_sources) ... ok
test_details_html_uses_only_explicit_content_and_safe_link (test_v2.DetailIntegrationTests.test_details_html_uses_only_explicit_content_and_safe_link) ... ok
test_failed_detail_reports_unconfirmed_not_no_contests (test_v2.DetailIntegrationTests.test_failed_detail_reports_unconfirmed_not_no_contests) ... ok
test_old_unlisted_active_item_can_get_deadline_extension (test_v2.DetailIntegrationTests.test_old_unlisted_active_item_can_get_deadline_extension) ... ok
test_ambiguous_multitrack_raw_text_retained (test_v2.DetailTests.test_ambiguous_multitrack_raw_text_retained) ... ok
test_definition_list_fields (test_v2.DetailTests.test_definition_list_fields) ... ok
test_event_only_not_used_as_registration (test_v2.DetailTests.test_event_only_not_used_as_registration) ... ok
test_information_and_links_are_extracted (test_v2.DetailTests.test_information_and_links_are_extracted) ... ok
test_missing_year_stays_unknown (test_v2.DetailTests.test_missing_year_stays_unknown) ... ok
test_no_arbitrary_footer_homepage (test_v2.DetailTests.test_no_arbitrary_footer_homepage) ... ok
test_original_registration_text_keeps_time (test_v2.DetailTests.test_original_registration_text_keeps_time) ... ok
test_registration_and_event_are_separate (test_v2.DetailTests.test_registration_and_event_are_separate) ... ok
test_same_year_abbreviated_range_supported (test_v2.DetailTests.test_same_year_abbreviated_range_supported) ... ok
test_untrusted_script_link_is_ignored (test_v2.DetailTests.test_untrusted_script_link_is_ignored) ... ok
test_details_survive_listing_only_refresh (test_v2.PersistenceTests.test_details_survive_listing_only_refresh) ... ok
test_eligibility_change_is_recorded (test_v2.PersistenceTests.test_eligibility_change_is_recorded) ... ok
test_new_fields_visible_in_public_data_and_readme (test_v2.PersistenceTests.test_new_fields_visible_in_public_data_and_readme) ... ok
test_ambiguous_event_clears_old_event_dates (test_v2.ReviewRegressionTests.test_ambiguous_event_clears_old_event_dates) ... ok
test_field_absence_is_not_promised_information (test_v2.ReviewRegressionTests.test_field_absence_is_not_promised_information) ... ok
test_invalid_event_range_does_not_become_single_day (test_v2.ReviewRegressionTests.test_invalid_event_range_does_not_become_single_day) ... ok
test_js_detail_fallback_reads_campuspick_container (test_v2.ReviewRegressionTests.test_js_detail_fallback_reads_campuspick_container) ... ok
test_url_markup_and_control_characters_rejected (test_v2.ReviewRegressionTests.test_url_markup_and_control_characters_rejected) ... ok
test_403_does_not_trigger_browser_bypass (test_v4.CollectionV4Tests.test_403_does_not_trigger_browser_bypass) ... ok
test_partial_static_info_still_renders_missing_date (test_v4.CollectionV4Tests.test_partial_static_info_still_renders_missing_date) ... ok
test_recent_v3_record_rechecked_after_upgrade (test_v4.CollectionV4Tests.test_recent_v3_record_rechecked_after_upgrade) ... ok
test_schedule_tab_not_canonicalized_to_overview (test_v4.CollectionV4Tests.test_schedule_tab_not_canonicalized_to_overview) ... ok
test_bracketed_heading_does_not_hide_period (test_v4.DateV4Tests.test_bracketed_heading_does_not_hide_period) ... ok
test_contest_submission_period_synonyms (test_v4.DateV4Tests.test_contest_submission_period_synonyms) ... ok
test_dacon_div_root_without_main (test_v4.DateV4Tests.test_dacon_div_root_without_main) ... ok
test_english_iso_period (test_v4.DateV4Tests.test_english_iso_period) ... ok
test_generic_updated_date_not_registration (test_v4.DateV4Tests.test_generic_updated_date_not_registration) ... ok
test_infer_year_only_from_explicit_title (test_v4.DateV4Tests.test_infer_year_only_from_explicit_title) ... ok
test_jsonld_event_is_not_registration_deadline (test_v4.DateV4Tests.test_jsonld_event_is_not_registration_deadline) ... ok
test_metadata_description_can_supply_explicit_period (test_v4.DateV4Tests.test_metadata_description_can_supply_explicit_period) ... ok
test_missing_year_still_not_guessed (test_v4.DateV4Tests.test_missing_year_still_not_guessed) ... ok
test_participation_period_label (test_v4.DateV4Tests.test_participation_period_label) ... ok
test_plain_application_label (test_v4.DateV4Tests.test_plain_application_label) ... ok
test_reversed_and_multiple_track_dates_not_repaired (test_v4.DateV4Tests.test_reversed_and_multiple_track_dates_not_repaired) ... ok
test_same_period_twice_no_ambiguity (test_v4.DateV4Tests.test_same_period_twice_no_ambiguity) ... ok
test_separate_table_start_end (test_v4.DateV4Tests.test_separate_table_start_end) ... ok
test_spaced_dates_with_weekdays (test_v4.DateV4Tests.test_spaced_dates_with_weekdays) ... ok
test_time_and_evidence_preserved (test_v4.DateV4Tests.test_time_and_evidence_preserved) ... ok
test_dacon_explicit_period_not_confused_by_summary_timeline (test_v4.FinalReviewV4Tests.test_dacon_explicit_period_not_confused_by_summary_timeline) ... ok
test_date_parser_version_does_not_make_new_contest (test_v4.FinalReviewV4Tests.test_date_parser_version_does_not_make_new_contest) ... ok
test_different_contest_schedule_link_never_followed (test_v4.FinalReviewV4Tests.test_different_contest_schedule_link_never_followed) ... ok
test_invalid_jsonld_event_range_is_unconfirmed (test_v4.FinalReviewV4Tests.test_invalid_jsonld_event_range_is_unconfirmed) ... ok
test_missing_dates_retry_next_day_after_version4 (test_v4.FinalReviewV4Tests.test_missing_dates_retry_next_day_after_version4) ... ok
test_resolved_date_removes_old_uncertainty_note (test_v4.FinalReviewV4Tests.test_resolved_date_removes_old_uncertainty_note) ... ok
test_public_default_far_deadlines_first_unknown_bottom (test_v4.SortV4Tests.test_public_default_far_deadlines_first_unknown_bottom) ... ok
test_card_organizer_and_count_not_title (test_v4.TitleV4Tests.test_card_organizer_and_count_not_title) ... ok
test_full_detail_title_overrides_noisy_list (test_v4.TitleV4Tests.test_full_detail_title_overrides_noisy_list) ... ok
test_new_badge_must_be_separate (test_v4.TitleV4Tests.test_new_badge_must_be_separate) ... ok
test_platform_tail_removed (test_v4.TitleV4Tests.test_platform_tail_removed) ... ok
test_title_preserved_in_full (test_v4.TitleV4Tests.test_title_preserved_in_full) ... ok
test_aix_apostrophe_year_and_unrelated_next_milestone (test_v5.DatesV5.test_aix_apostrophe_year_and_unrelated_next_milestone) ... ok
test_date_before_label_timeline (test_v5.DatesV5.test_date_before_label_timeline) ... ok
test_embedded_explicit_registration_keys_same_id (test_v5.DatesV5.test_embedded_explicit_registration_keys_same_id) ... ok
test_generic_json_event_end_not_application_end (test_v5.DatesV5.test_generic_json_event_end_not_application_end) ... ok
test_official_platform_link_from_application_context (test_v5.DatesV5.test_official_platform_link_from_application_context) ... ok
test_related_or_navigation_links_not_followed (test_v5.DatesV5.test_related_or_navigation_links_not_followed) ... ok
test_single_deadline_datetime_label (test_v5.DatesV5.test_single_deadline_datetime_label) ... ok
test_spaced_label_and_deadline_time (test_v5.DatesV5.test_spaced_label_and_deadline_time) ... ok
test_unrelated_json_record_never_supplies_dates (test_v5.DatesV5.test_unrelated_json_record_never_supplies_dates) ... ok
test_complete_dates_still_follow_official_link_for_missing_clock (test_v5.FinalReviewV5.test_complete_dates_still_follow_official_link_for_missing_clock) ... ok
test_conflicting_clock_clears_previously_stored_clock (test_v5.FinalReviewV5.test_conflicting_clock_clears_previously_stored_clock) ... ok
test_disagreeing_clock_is_unconfirmed_not_last_value (test_v5.FinalReviewV5.test_disagreeing_clock_is_unconfirmed_not_last_value) ... ok
test_spaced_ai_center_name_is_not_the_post_title (test_v5.FinalReviewV5.test_spaced_ai_center_name_is_not_the_post_title) ... ok
test_conflicting_period_also_clears_deadline_clock (test_v5.IntegrationV5.test_conflicting_period_also_clears_deadline_clock) ... ok
test_new_changed_deadline_does_not_reuse_old_time (test_v5.IntegrationV5.test_new_changed_deadline_does_not_reuse_old_time) ... ok
test_official_link_dates_reach_aix_item_without_renaming (test_v5.IntegrationV5.test_official_link_dates_reach_aix_item_without_renaming) ... ok
test_platform_generic_task_can_be_checked_for_real_topic (test_v5.IntegrationV5.test_platform_generic_task_can_be_checked_for_real_topic) ... ok
test_raw_apostrophe_evidence_kept (test_v5.IntegrationV5.test_raw_apostrophe_evidence_kept) ... ok
test_relevance_evidence_is_kept_after_no_detail_budget (test_v5.IntegrationV5.test_relevance_evidence_is_kept_after_no_detail_budget) ... ok
test_unrelated_new_notice_not_in_daily_new_or_digest (test_v5.IntegrationV5.test_unrelated_new_notice_not_in_daily_new_or_digest) ... ok
test_utc_registration_metadata_normalized_to_korea (test_v5.IntegrationV5.test_utc_registration_metadata_normalized_to_korea) ... ok
test_ai_prohibition_is_not_ai_contest (test_v5.ScopeV5.test_ai_prohibition_is_not_ai_contest) ... ok
test_ai_video_contest_remains_included (test_v5.ScopeV5.test_ai_video_contest_remains_included) ... ok
test_generic_title_can_be_kept_with_actual_body_evidence (test_v5.ScopeV5.test_generic_title_can_be_kept_with_actual_body_evidence) ... ok
test_main_inha_automatically_disabled_without_touching_config (test_v5.ScopeV5.test_main_inha_automatically_disabled_without_touching_config) ... ok
test_non_ai_contest_hidden_but_identity_preserved (test_v5.ScopeV5.test_non_ai_contest_hidden_but_identity_preserved) ... ok
test_old_generic_title_is_restored_without_detail_network (test_v5.ScopeV5.test_old_generic_title_is_restored_without_detail_network) ... ok
test_old_non_ai_records_hidden_even_when_collection_fails (test_v5.ScopeV5.test_old_non_ai_records_hidden_even_when_collection_fails) ... ok
test_organizer_name_alone_not_ai_evidence (test_v5.ScopeV5.test_organizer_name_alone_not_ai_evidence) ... ok
test_body_nav_and_recommendations_not_subject (test_v5.TitleAndBodyV5.test_body_nav_and_recommendations_not_subject) ... ok
test_deleted_old_date_not_conflict (test_v5.TitleAndBodyV5.test_deleted_old_date_not_conflict) ... ok
test_form_wrapper_must_not_delete_article (test_v5.TitleAndBodyV5.test_form_wrapper_must_not_delete_article) ... ok
test_generic_old_detail_does_not_overwrite_correct_listing (test_v5.TitleAndBodyV5.test_generic_old_detail_does_not_overwrite_correct_listing) ... ok
test_generic_page_heading_and_metadata_not_a_title (test_v5.TitleAndBodyV5.test_generic_page_heading_and_metadata_not_a_title) ... ok
test_mangboard_post_heading_wins (test_v5.TitleAndBodyV5.test_mangboard_post_heading_wins) ... ok
test_public_view_restores_original_listing_title (test_v5.TitleAndBodyV5.test_public_view_restores_original_listing_title) ... ok
test_competition_platform_topic_title_still_classified_as_contest (test_v6.FinalReviewRegressions.test_competition_platform_topic_title_still_classified_as_contest) ... ok
test_insurance_organizer_name_is_not_legal_prose (test_v6.FinalReviewRegressions.test_insurance_organizer_name_is_not_legal_prose) ... ok
test_aifactory_registration_label_without_period_suffix (test_v6.LiveFailures.test_aifactory_registration_label_without_period_suffix) ... ok
test_bad_old_metadata_removed_without_deleting_item (test_v6.LiveFailures.test_bad_old_metadata_removed_without_deleting_item) ... ok
test_dacon_date_tab_text_without_container (test_v6.LiveFailures.test_dacon_date_tab_text_without_container) ... ok
test_dacon_schedule_discovery_outside_content (test_v6.LiveFailures.test_dacon_schedule_discovery_outside_content) ... ok
test_dacon_schedule_known_path_when_shell_has_no_link (test_v6.LiveFailures.test_dacon_schedule_known_path_when_shell_has_no_link) ... ok
test_event_prose_not_competing_date_range (test_v6.LiveFailures.test_event_prose_not_competing_date_range) ... ok
test_existing_duplicate_records_preserved_but_public_once (test_v6.LiveFailures.test_existing_duplicate_records_preserved_but_public_once) ... ok
test_genuine_ai_program_is_kept (test_v6.LiveFailures.test_genuine_ai_program_is_kept) ... ok
test_layout_does_not_change_article_identity (test_v6.LiveFailures.test_layout_does_not_change_article_identity) ... ok
test_metadata_labels_outside_first_article (test_v6.LiveFailures.test_metadata_labels_outside_first_article) ... ok
test_not_recursing_schedule_itself (test_v6.LiveFailures.test_not_recursing_schedule_itself) ... ok
test_other_sites_layout_query_is_not_blindly_removed (test_v6.LiveFailures.test_other_sites_layout_query_is_not_blindly_removed) ... ok
test_prose_organizer_and_benefits_do_not_pollute_fields (test_v6.LiveFailures.test_prose_organizer_and_benefits_do_not_pollute_fields) ... ok
test_results_not_new_opportunities (test_v6.LiveFailures.test_results_not_new_opportunities) ... ok
test_title_only_end_date_uses_explicit_year (test_v6.LiveFailures.test_title_only_end_date_uses_explicit_year) ... ok
test_title_registration_window_survives_missing_body (test_v6.LiveFailures.test_title_registration_window_survives_missing_body) ... ok
test_yearless_title_does_not_use_machine_year (test_v6.LiveFailures.test_yearless_title_does_not_use_machine_year) ... ok
test_budget_deferral_is_reported (test_v6.PipelineRegressions.test_budget_deferral_is_reported) ... ok
test_event_year_typo_does_not_poison_registration (test_v6.PipelineRegressions.test_event_year_typo_does_not_poison_registration) ... ok
test_kind_of_competition_and_program (test_v6.PipelineRegressions.test_kind_of_competition_and_program) ... ok
test_known_dacon_schedule_is_actually_requested (test_v6.PipelineRegressions.test_known_dacon_schedule_is_actually_requested) ... ok
test_old_layout_id_reused_not_announced_as_new (test_v6.PipelineRegressions.test_old_layout_id_reused_not_announced_as_new) ... ok
test_total_prize_does_not_include_platform_counters (test_v6.PipelineRegressions.test_total_prize_does_not_include_platform_counters) ... ok
test_correction_module_available (test_v7_dates_quality.CorrectionTests.test_correction_module_available) ... ok
test_correction_preserves_original_and_is_idempotent (test_v7_dates_quality.CorrectionTests.test_correction_preserves_original_and_is_idempotent) ... ok
test_evidence_is_required (test_v7_dates_quality.CorrectionTests.test_evidence_is_required) ... ok
test_invalid_clock_and_inverted_interval_rejected (test_v7_dates_quality.CorrectionTests.test_invalid_clock_and_inverted_interval_rejected) ... ok
test_later_conflicting_observation_requests_review (test_v7_dates_quality.CorrectionTests.test_later_conflicting_observation_requests_review) ... ok
test_cancelled_old_period_not_current_registration (test_v7_dates_quality.DateScopeTests.test_cancelled_old_period_not_current_registration) ... ok
test_heading_without_date_does_not_poison_valid_period (test_v7_dates_quality.DateScopeTests.test_heading_without_date_does_not_poison_valid_period) ... ok
test_notice_fingerprint_changes_only_with_body (test_v7_dates_quality.DateScopeTests.test_notice_fingerprint_changes_only_with_body) ... ok
test_primary_registration_not_scholarship_or_refund (test_v7_dates_quality.DateScopeTests.test_primary_registration_not_scholarship_or_refund) ... ok
test_two_genuine_tracks_remain_ambiguous (test_v7_dates_quality.DateScopeTests.test_two_genuine_tracks_remain_ambiguous) ... ok
test_budget_deferred_not_access_failure (test_v7_dates_quality.DiagnosticTests.test_budget_deferred_not_access_failure) ... ok
test_diagnostics_module_available (test_v7_dates_quality.DiagnosticTests.test_diagnostics_module_available) ... ok
test_failed_detail_has_machine_readable_reason (test_v7_dates_quality.DiagnosticTests.test_failed_detail_has_machine_readable_reason) ... ok
test_denominator_and_current_attempt_are_not_conflated (test_v7_dates_quality.QualityReportRegression.test_denominator_and_current_attempt_are_not_conflated) ... ok
test_diagnostic_does_not_leak_unexpected_trace_properties (test_v7_dates_quality.QualityReportRegression.test_diagnostic_does_not_leak_unexpected_trace_properties) ... ok
test_previous_date_after_failed_parse_marked_stale (test_v7_dates_quality.QualityReportRegression.test_previous_date_after_failed_parse_marked_stale) ... ok
test_digest_extension_includes_previous_and_new_deadline (test_v7_digest_events.DigestEventTests.test_digest_extension_includes_previous_and_new_deadline) ... ok
test_digest_repost_is_zero_new_event_and_one_notice (test_v7_digest_events.DigestEventTests.test_digest_repost_is_zero_new_event_and_one_notice) ... ok
test_grouped_public_fields_do_not_leak_private_state (test_v7_digest_events.DigestEventTests.test_grouped_public_fields_do_not_leak_private_state) ... ok
test_ambiguous_group_dates_without_official_evidence_stay_uncertain (test_v7_events.EventTests.test_ambiguous_group_dates_without_official_evidence_stay_uncertain) ... ok
test_common_homepage_is_not_a_group_key (test_v7_events.EventTests.test_common_homepage_is_not_a_group_key) ... ok
test_diff_official_ids_never_merge_even_same_title (test_v7_events.EventTests.test_diff_official_ids_never_merge_even_same_title) ... ok
test_diff_year_round_track_never_merge (test_v7_events.EventTests.test_diff_year_round_track_never_merge) ... ok
test_exact_evidence_supported_title_fallback (test_v7_events.EventTests.test_exact_evidence_supported_title_fallback) ... ok
test_extension_is_recorded_with_old_and_new_date (test_v7_events.EventTests.test_extension_is_recorded_with_old_and_new_date) ... ok
test_new_repost_does_not_become_new_event (test_v7_events.EventTests.test_new_repost_does_not_become_new_event) ... ok
test_registry_stable_and_old_favorite_ids_survive (test_v7_events.EventTests.test_registry_stable_and_old_favorite_ids_survive) ... ok
test_shared_official_url_merges_sources_not_records (test_v7_events.EventTests.test_shared_official_url_merges_sources_not_records) ... ok
test_similar_not_identical_title_is_not_enough (test_v7_events.EventTests.test_similar_not_identical_title_is_not_enough) ... ok
test_truly_new_event_count_and_migration_do_not_reset_snapshots (test_v7_events.EventTests.test_truly_new_event_count_and_migration_do_not_reset_snapshots) ... ok
test_ai_department_not_a_technical_field (test_v7_personal.TaxonomyTests.test_ai_department_not_a_technical_field) ... ok
test_education_kind_does_not_prevent_field_tags (test_v7_personal.TaxonomyTests.test_education_kind_does_not_prevent_field_tags) ... ok
test_model_and_data_tags (test_v7_personal.TaxonomyTests.test_model_and_data_tags) ... ok
test_negation_line_does_not_count_creative (test_v7_personal.TaxonomyTests.test_negation_line_does_not_count_creative) ... ok
test_public_has_fields_and_pending_separate_not_counted (test_v7_personal.TaxonomyTests.test_public_has_fields_and_pending_separate_not_counted) ... ok
test_service_and_retrieval (test_v7_personal.TaxonomyTests.test_service_and_retrieval) ... ok
test_video_creation_has_own_category (test_v7_personal.TaxonomyTests.test_video_creation_has_own_category) ... ok
test_vision_detection_is_not_creative_video (test_v7_personal.TaxonomyTests.test_vision_detection_is_not_creative_video) ... ok
test_ambiguous_stored_date_not_sorted_above_known (test_v7_review.ReviewTests.test_ambiguous_stored_date_not_sorted_above_known) ... ok
test_backend_sorts_exact_time_on_same_day (test_v7_review.ReviewTests.test_backend_sorts_exact_time_on_same_day) ... ok
test_changed_workflow_preserves_failed_collection_snapshot_without_notification (test_v7_review.ReviewTests.test_changed_workflow_preserves_failed_collection_snapshot_without_notification) ... ok
test_collect_fatal_error_keeps_prior_items_and_records_failure (test_v7_review.ReviewTests.test_collect_fatal_error_keeps_prior_items_and_records_failure) ... ok
test_explicit_non_korean_instant_overrides_korean_date_boundary (test_v7_review.ReviewTests.test_explicit_non_korean_instant_overrides_korean_date_boundary) ... ok
test_fingerprint_covers_web_source_not_only_python (test_v7_review.ReviewTests.test_fingerprint_covers_web_source_not_only_python) ... ok
test_manual_corrections_separate_from_automatic_coverage (test_v7_review.ReviewTests.test_manual_corrections_separate_from_automatic_coverage) ... ok
test_named_tracks_sharing_landing_page_are_not_merged (test_v7_review.ReviewTests.test_named_tracks_sharing_landing_page_are_not_merged) ... ok
test_no_timestamp_is_not_an_attempt (test_v7_review.ReviewTests.test_no_timestamp_is_not_an_attempt) ... ok
test_parser_upgrade_correction_is_not_reported_as_confirmed_extension (test_v7_review.ReviewTests.test_parser_upgrade_correction_is_not_reported_as_confirmed_extension) ... ok
test_public_normalizes_known_clock_for_browser (test_v7_review.ReviewTests.test_public_normalizes_known_clock_for_browser) ... ok
test_read_only_audit_never_overwrites_state_or_sends (test_v7_review.ReviewTests.test_read_only_audit_never_overwrites_state_or_sends) ... ok
test_runtime_collection_whitelists_state_fields (test_v7_review.ReviewTests.test_runtime_collection_whitelists_state_fields) ... ok
test_scheduled_due_list_uses_noon_delivery_time (test_v7_review.ReviewTests.test_scheduled_due_list_uses_noon_delivery_time) ... ok
test_ambiguous_time_is_not_used (test_v7_time_ops.ExactTimeTests.test_ambiguous_time_is_not_used) ... ok
test_at_known_deadline_is_closed (test_v7_time_ops.ExactTimeTests.test_at_known_deadline_is_closed) ... ok
test_before_known_deadline_is_active (test_v7_time_ops.ExactTimeTests.test_before_known_deadline_is_active) ... ok
test_date_only_today_not_falsely_closed (test_v7_time_ops.ExactTimeTests.test_date_only_today_not_falsely_closed) ... ok
test_invalid_date_does_not_claim_active (test_v7_time_ops.ExactTimeTests.test_invalid_date_does_not_claim_active) ... ok
test_legacy_date_interface_retained (test_v7_time_ops.ExactTimeTests.test_legacy_date_interface_retained) ... ok
test_start_exactly_now_is_active (test_v7_time_ops.ExactTimeTests.test_start_exactly_now_is_active) ... ok
test_start_later_today_is_upcoming (test_v7_time_ops.ExactTimeTests.test_start_later_today_is_upcoming) ... ok
test_timezone_is_korea_not_computer_local (test_v7_time_ops.ExactTimeTests.test_timezone_is_korea_not_computer_local) ... ok
test_build_time_and_collection_time_separate (test_v7_time_ops.OperationsTests.test_build_time_and_collection_time_separate) ... ok
test_public_metadata_exists_and_does_not_export_claims (test_v7_time_ops.OperationsTests.test_public_metadata_exists_and_does_not_export_claims) ... ok
test_public_status_uses_exact_time (test_v7_time_ops.OperationsTests.test_public_status_uses_exact_time) ... ok
test_missing_secret_does_not_prevent_dashboard_refresh (test_workflow.WorkflowTests.test_missing_secret_does_not_prevent_dashboard_refresh) ... ok
test_noon_preparation_schedule_and_no_push_trigger (test_workflow.WorkflowTests.test_noon_preparation_schedule_and_no_push_trigger) ... ok
test_pages_job_is_separate_from_collector (test_workflow.WorkflowTests.test_pages_job_is_separate_from_collector) ... ok
test_private_mode_uses_repository_url (test_workflow.WorkflowTests.test_private_mode_uses_repository_url) ... ok

----------------------------------------------------------------------
Ran 254 tests in 0.665s

OK
## 날짜 확인 진단
저장된 AI·데이터 관련 공고 주소 기준(마감 포함). 관리자 보정 포함 여부를 구분하며, 목록 접근 성공과 날짜 추출 성공은 별개입니다.

| 출처 | 목록 상태 | 마감 확인 / 대상 | 시각 확인 | 확인율 |
|---|---|---|---|---|

접근 실패·동적 화면 미확인·기간 충돌·요청 예산 대기는 site/quality.json에서 구분합니다.
실행한 범위의 진단이며 모든 공고의 완전성을 보증하지 않습니다.

